#-----------------------------------------------------------
# Webtalk v2018.3 (64-bit)
# SW Build 2405991 on Thu Dec  6 23:38:27 MST 2018
# IP Build 2404404 on Fri Dec  7 01:43:56 MST 2018
# Start of session at: Wed Jan 20 17:35:44 2021
# Process ID: 10364
# Current directory: C:/Users/zahra/Documents/01- Casse Brique/04- Tache03_MODE_Gestion de Jeu/02-VHDL/project_Test_Mode/project_Test_Mode.sim/sim_1/behav/xsim
# Command line: wbtcv.exe -mode batch -source C:/Users/zahra/Documents/01- Casse Brique/04- Tache03_MODE_Gestion de Jeu/02-VHDL/project_Test_Mode/project_Test_Mode.sim/sim_1/behav/xsim/xsim.dir/simu_mode_behav/webtalk/xsim_webtalk.tcl -notrace
# Log file: C:/Users/zahra/Documents/01- Casse Brique/04- Tache03_MODE_Gestion de Jeu/02-VHDL/project_Test_Mode/project_Test_Mode.sim/sim_1/behav/xsim/webtalk.log
# Journal file: C:/Users/zahra/Documents/01- Casse Brique/04- Tache03_MODE_Gestion de Jeu/02-VHDL/project_Test_Mode/project_Test_Mode.sim/sim_1/behav/xsim\webtalk.jou
#-----------------------------------------------------------
source C:/Users/zahra/Documents/01- -notrace
